// Jest Snapshot v1, https://goo.gl/fbAQLP

exports[`<Toggle /> spec Renders the Toggle component correctly 1`] = `
.emotion-0 {
  display: -webkit-inline-box;
  display: -webkit-inline-flex;
  display: -ms-inline-flexbox;
  display: inline-flex;
  border-radius: 4px;
  background-color: white;
}

.emotion-0 .MuiToggleButtonGroup-grouped:not(:first-of-type) {
  margin-left: -1px;
  border-left: 1px solid transparent;
  border-top-left-radius: 0;
  border-bottom-left-radius: 0;
}

.emotion-0 .MuiToggleButtonGroup-grouped:not(:last-of-type) {
  border-top-right-radius: 0;
  border-bottom-right-radius: 0;
}

.emotion-0 .MuiToggleButtonGroup-grouped.Mui-selected+.MuiToggleButtonGroup-grouped.Mui-selected {
  border-left: 0;
  margin-left: 0;
}

.emotion-1 {
  display: -webkit-inline-box;
  display: -webkit-inline-flex;
  display: -ms-inline-flexbox;
  display: inline-flex;
  -webkit-align-items: center;
  -webkit-box-align: center;
  -ms-flex-align: center;
  align-items: center;
  -webkit-box-pack: center;
  -ms-flex-pack: center;
  -webkit-justify-content: center;
  justify-content: center;
  position: relative;
  box-sizing: border-box;
  -webkit-tap-highlight-color: transparent;
  background-color: transparent;
  outline: 0;
  border: 0;
  margin: 0;
  border-radius: 0;
  padding: 0;
  cursor: pointer;
  -webkit-user-select: none;
  -moz-user-select: none;
  -ms-user-select: none;
  user-select: none;
  vertical-align: middle;
  -moz-appearance: none;
  -webkit-appearance: none;
  -webkit-text-decoration: none;
  text-decoration: none;
  color: inherit;
  font-family: "Roboto","Helvetica","Arial",sans-serif;
  font-weight: 500;
  font-size: 0.875rem;
  line-height: 1.75;
  letter-spacing: 0.02857em;
  text-transform: uppercase;
  border-radius: 4px;
  padding: 11px;
  border: 1px solid rgba(0, 0, 0, 0.12);
  color: rgba(0, 0, 0, 0.54);
}

.emotion-1::-moz-focus-inner {
  border-style: none;
}

.emotion-1.Mui-disabled {
  pointer-events: none;
  cursor: default;
}

@media print {
  .emotion-1 {
    -webkit-print-color-adjust: exact;
    color-adjust: exact;
  }
}

.emotion-1.Mui-disabled {
  color: rgba(0, 0, 0, 0.26);
  border: 1px solid rgba(0, 0, 0, 0.12);
}

.emotion-1:hover {
  -webkit-text-decoration: none;
  text-decoration: none;
  background-color: rgba(0, 0, 0, 0.04);
}

@media (hover: none) {
  .emotion-1:hover {
    background-color: transparent;
  }
}

.emotion-1.Mui-selected {
  color: #2e7d32;
  background-color: rgba(46, 125, 50, 0.08);
}

.emotion-1.Mui-selected:hover {
  background-color: rgba(46, 125, 50, 0.12);
}

@media (hover: none) {
  .emotion-1.Mui-selected:hover {
    background-color: rgba(46, 125, 50, 0.08);
  }
}

.emotion-2 {
  -webkit-user-select: none;
  -moz-user-select: none;
  -ms-user-select: none;
  user-select: none;
  width: 1em;
  height: 1em;
  display: inline-block;
  fill: currentColor;
  -webkit-flex-shrink: 0;
  -ms-flex-negative: 0;
  flex-shrink: 0;
  -webkit-transition: fill 200ms cubic-bezier(0.4, 0, 0.2, 1) 0ms;
  transition: fill 200ms cubic-bezier(0.4, 0, 0.2, 1) 0ms;
  font-size: 1.5rem;
}

.emotion-3 {
  overflow: hidden;
  pointer-events: none;
  position: absolute;
  z-index: 0;
  top: 0;
  right: 0;
  bottom: 0;
  left: 0;
  border-radius: inherit;
}

<div>
  <div
    aria-label="view"
    class="MuiToggleButtonGroup-root emotion-0"
    role="group"
  >
    <button
      aria-label="column"
      aria-pressed="true"
      class="MuiButtonBase-root MuiToggleButton-root Mui-selected MuiToggleButton-sizeMedium MuiToggleButton-success MuiToggleButtonGroup-grouped MuiToggleButtonGroup-groupedHorizontal emotion-1"
      data-testid="column-toggle-button"
      tabindex="0"
      type="button"
      value="column"
    >
      <svg
        aria-hidden="true"
        class="MuiSvgIcon-root MuiSvgIcon-fontSizeMedium emotion-2"
        data-testid="ViewColumnIcon"
        focusable="false"
        viewBox="0 0 24 24"
      >
        <path
          d="M14.67 5v14H9.33V5h5.34zm1 14H21V5h-5.33v14zm-7.34 0V5H3v14h5.33z"
        />
      </svg>
       column
      <span
        class="MuiTouchRipple-root emotion-3"
      />
    </button>
    <button
      aria-label="quilt"
      aria-pressed="false"
      class="MuiButtonBase-root MuiToggleButton-root MuiToggleButton-sizeMedium MuiToggleButton-success MuiToggleButtonGroup-grouped MuiToggleButtonGroup-groupedHorizontal emotion-1"
      data-testid="quilt-toggle-button"
      tabindex="0"
      type="button"
      value="quilt"
    >
      <svg
        aria-hidden="true"
        class="MuiSvgIcon-root MuiSvgIcon-fontSizeMedium emotion-2"
        data-testid="ViewQuiltIcon"
        focusable="false"
        viewBox="0 0 24 24"
      >
        <path
          d="M21 5v6.5H9.33V5H21zm-6.33 14v-6.5H9.33V19h5.34zm1-6.5V19H21v-6.5h-5.33zM8.33 19V5H3v14h5.33z"
        />
      </svg>
       quilt
      <span
        class="MuiTouchRipple-root emotion-3"
      />
    </button>
  </div>
</div>
`;
