// Jest Snapshot v1, https://goo.gl/fbAQLP

exports[`TreeListCards component renders TreeListCards correctly 1`] = `
{
  "asFragment": [Function],
  "baseElement": <body>
    <div>
      <div
        class="treelistcards"
      >
        <div
          class="treelistcards__container"
        >
          <div
            class="treelistcards__header"
          >
            <div
              class="card"
              data-testid="card"
            >
              <div
                class="treelistcards__info"
              >
                <h3>
                  We encourage you to plant medium and larger-sized trees, as they
provide greater benefits to the city than smaller trees. Young trees
require 1.5 inches of rain or 25 gallons of water per week for the
first three years to establish their roots.
                </h3>
                <div
                  class="treecare"
                >
                  <a
                    class="treelistcards__link"
                    href="https://vimeo.com/416031708#t=5m35s"
                    rel="noreferrer"
                    target="_blank"
                  >
                    Tree Care Program
                  </a>
                </div>
              </div>
            </div>
          </div>
          <a
            class="treelistcards__link"
            href="/tree/sequoia-sempervirens-'adpressa'"
          >
            <div
              class="card"
              data-testid="card"
            >
              <div
                class="treelistcards__image"
              >
                <img
                  alt="Sequoia sempervirens 'Adpressa'"
                  loading="lazy"
                  placeholder="./../assets/images/treelist/placeholder.jpg"
                  style="opacity: 0.1; transition: opacity .30s linear; width: 100%;"
                />
              </div>
              <div
                class="treelistcards__info"
              >
                <h2>
                  Adpressa Redwood
                </h2>
                <h4
                  class="scientific"
                >
                  Sequoia sempervirens 'Adpressa'
                </h4>
                <div
                  class="treelistcards__item"
                >
                  100 - 200 ft (30.5 - 61 m)
                </div>
                <div
                  class="tag"
                >
                  <div
                    class="tag__pill tag__green"
                  >
                    evergreen
                  </div>
                </div>
              </div>
            </div>
          </a>
          <a
            class="treelistcards__link"
            href="/tree/callitropsis-nootkatensis"
          >
            <div
              class="card"
              data-testid="card"
            >
              <div
                class="treelistcards__image"
              >
                <img
                  alt="Callitropsis nootkatensis"
                  loading="lazy"
                  placeholder="./../assets/images/treelist/placeholder.jpg"
                  style="opacity: 0.1; transition: opacity .30s linear; width: 100%;"
                />
              </div>
              <div
                class="treelistcards__info"
              >
                <h2>
                  Alaska Cedar
                </h2>
                <h4
                  class="scientific"
                >
                  Callitropsis nootkatensis
                </h4>
                <div
                  class="treelistcards__item"
                >
                  65.6 - 98.4 ft(20 - 30 m)
                </div>
                <div
                  class="tag"
                >
                  <div
                    class="tag__pill tag__green"
                  >
                    evergreen
                  </div>
                </div>
              </div>
            </div>
          </a>
        </div>
      </div>
    </div>
  </body>,
  "container": <div>
    <div
      class="treelistcards"
    >
      <div
        class="treelistcards__container"
      >
        <div
          class="treelistcards__header"
        >
          <div
            class="card"
            data-testid="card"
          >
            <div
              class="treelistcards__info"
            >
              <h3>
                We encourage you to plant medium and larger-sized trees, as they
provide greater benefits to the city than smaller trees. Young trees
require 1.5 inches of rain or 25 gallons of water per week for the
first three years to establish their roots.
              </h3>
              <div
                class="treecare"
              >
                <a
                  class="treelistcards__link"
                  href="https://vimeo.com/416031708#t=5m35s"
                  rel="noreferrer"
                  target="_blank"
                >
                  Tree Care Program
                </a>
              </div>
            </div>
          </div>
        </div>
        <a
          class="treelistcards__link"
          href="/tree/sequoia-sempervirens-'adpressa'"
        >
          <div
            class="card"
            data-testid="card"
          >
            <div
              class="treelistcards__image"
            >
              <img
                alt="Sequoia sempervirens 'Adpressa'"
                loading="lazy"
                placeholder="./../assets/images/treelist/placeholder.jpg"
                style="opacity: 0.1; transition: opacity .30s linear; width: 100%;"
              />
            </div>
            <div
              class="treelistcards__info"
            >
              <h2>
                Adpressa Redwood
              </h2>
              <h4
                class="scientific"
              >
                Sequoia sempervirens 'Adpressa'
              </h4>
              <div
                class="treelistcards__item"
              >
                100 - 200 ft (30.5 - 61 m)
              </div>
              <div
                class="tag"
              >
                <div
                  class="tag__pill tag__green"
                >
                  evergreen
                </div>
              </div>
            </div>
          </div>
        </a>
        <a
          class="treelistcards__link"
          href="/tree/callitropsis-nootkatensis"
        >
          <div
            class="card"
            data-testid="card"
          >
            <div
              class="treelistcards__image"
            >
              <img
                alt="Callitropsis nootkatensis"
                loading="lazy"
                placeholder="./../assets/images/treelist/placeholder.jpg"
                style="opacity: 0.1; transition: opacity .30s linear; width: 100%;"
              />
            </div>
            <div
              class="treelistcards__info"
            >
              <h2>
                Alaska Cedar
              </h2>
              <h4
                class="scientific"
              >
                Callitropsis nootkatensis
              </h4>
              <div
                class="treelistcards__item"
              >
                65.6 - 98.4 ft(20 - 30 m)
              </div>
              <div
                class="tag"
              >
                <div
                  class="tag__pill tag__green"
                >
                  evergreen
                </div>
              </div>
            </div>
          </div>
        </a>
      </div>
    </div>
  </div>,
  "debug": [Function],
  "findAllByAltText": [Function],
  "findAllByDisplayValue": [Function],
  "findAllByLabelText": [Function],
  "findAllByPlaceholderText": [Function],
  "findAllByRole": [Function],
  "findAllByTestId": [Function],
  "findAllByText": [Function],
  "findAllByTitle": [Function],
  "findByAltText": [Function],
  "findByDisplayValue": [Function],
  "findByLabelText": [Function],
  "findByPlaceholderText": [Function],
  "findByRole": [Function],
  "findByTestId": [Function],
  "findByText": [Function],
  "findByTitle": [Function],
  "getAllByAltText": [Function],
  "getAllByDisplayValue": [Function],
  "getAllByLabelText": [Function],
  "getAllByPlaceholderText": [Function],
  "getAllByRole": [Function],
  "getAllByTestId": [Function],
  "getAllByText": [Function],
  "getAllByTitle": [Function],
  "getByAltText": [Function],
  "getByDisplayValue": [Function],
  "getByLabelText": [Function],
  "getByPlaceholderText": [Function],
  "getByRole": [Function],
  "getByTestId": [Function],
  "getByText": [Function],
  "getByTitle": [Function],
  "queryAllByAltText": [Function],
  "queryAllByDisplayValue": [Function],
  "queryAllByLabelText": [Function],
  "queryAllByPlaceholderText": [Function],
  "queryAllByRole": [Function],
  "queryAllByTestId": [Function],
  "queryAllByText": [Function],
  "queryAllByTitle": [Function],
  "queryByAltText": [Function],
  "queryByDisplayValue": [Function],
  "queryByLabelText": [Function],
  "queryByPlaceholderText": [Function],
  "queryByRole": [Function],
  "queryByTestId": [Function],
  "queryByText": [Function],
  "queryByTitle": [Function],
  "rerender": [Function],
  "unmount": [Function],
}
`;
